// Jest Snapshot v1, https://goo.gl/fbAQLP

exports[`Editor renders correctly 1`] = `
"<HotKeys className=\\"Editor\\" handlers={{...}}>
  <div className=\\"row editor-react-ace\\">
    <ReactAce className=\\"react-ace\\" commands={{...}} editorProps={{...}} markers={{...}} fontSize={17} height=\\"100%\\" highlightActiveLine={false} mode=\\"source1\\" onChange={[Function]} onValidate={[Function]} theme=\\"source\\" value=\\"\\" width=\\"100%\\" setOptions={{...}} name=\\"brace-editor\\" focus={false} showGutter={true} onPaste={{...}} onLoad={{...}} onScroll={{...}} minLines={{...}} maxLines={{...}} readOnly={false} showPrintMargin={true} tabSize={4} cursorStart={1} style={{...}} scrollMargin={{...}} wrapEnabled={false} enableBasicAutocompletion={false} enableLiveAutocompletion={false} />
  </div>
</HotKeys>"
`;
